time="2026-08-06T11:19:35Z" level=warning msg="/home/ubuntu/src/ai/veraxi/docker-compose.yml: the attribute `version` is obsolete, it will be ignored, please remove it to avoid potential confusion"
time="2026-08-06T11:19:35Z" level=warning msg="Docker Compose is configured to build using Bake, but buildx isn't installed"
#0 building with "default" instance using docker driver

#1 [web internal] load build definition from Dockerfile
#1 transferring dockerfile: 885B done
#1 DONE 0.0s

#2 [web internal] load metadata for ghcr.io/cirruslabs/flutter:latest
#2 DONE 0.0s

#3 [web internal] load metadata for docker.io/library/nginx:alpine
#3 DONE 0.6s

#4 [web internal] load .dockerignore
#4 transferring context: 122B done
#4 DONE 0.0s

#5 [web stage-1 1/3] FROM docker.io/library/nginx:alpine@sha256:4a73073bd557c65b759505da037898b61f1be6cbcc3c2c3aeac22d2a470c1752
#5 DONE 0.0s

#6 [web build-env 1/6] FROM ghcr.io/cirruslabs/flutter:latest
#6 DONE 0.0s

#7 [web internal] load build context
#7 transferring context: 20.29kB 0.0s done
#7 DONE 0.0s

#8 [web build-env 2/6] WORKDIR /app
#8 CACHED

#9 [web build-env 4/6] RUN flutter pub get
#9 CACHED

#10 [web build-env 3/6] COPY pubspec.* ./
#10 CACHED

#11 [web build-env 5/6] COPY . .
#11 CACHED

#12 [web build-env 6/6] RUN flutter build web --release --dart-define=IS_SELF_HOSTED=true --dart-define=AUTH_ENABLED=false
#12 0.191    Woah! You appear to be trying to run flutter as root.
#12 0.191    We strongly recommend running the flutter tool without superuser privileges.
#12 0.191   /
#12 0.191 📎
#12 0.406 [1/1] Web SDK                                                       3.1s
#12 4.401 Resolving dependencies...
#12 4.900 Downloading packages...
#12 4.984   app_links 7.0.0 (7.2.1 available)
#12 4.984   app_links_platform_interface 2.0.2 (2.0.4 available)
#12 4.984   file_picker 3.0.4 (11.0.3 available)
#12 4.984   flutter_markdown 0.7.7+1 (discontinued replaced by flutter_markdown_plus)
#12 4.984   flutter_riverpod 2.6.1 (3.4.2 available)
#12 4.984   flutter_secure_storage 10.3.1 (11.0.0 available)
#12 4.984   flutter_secure_storage_darwin 0.3.2 (0.4.0 available)
#12 4.984   flutter_secure_storage_linux 3.0.1 (3.0.2 available)
#12 4.984   flutter_secure_storage_platform_interface 2.0.2 (2.0.3 available)
#12 4.984 > flutter_svg 2.3.0 (was 2.2.2)
#12 4.984   functions_client 2.6.4 (2.7.1 available)
#12 4.984   go_router 17.3.0 (17.4.0 available)
#12 4.984   google_fonts 8.2.0 (8.2.1 available)
#12 4.984   gotrue 2.26.0 (2.27.1 available)
#12 4.984   import_lint 0.1.6 (2.0.0 available)
#12 4.984 > matcher 0.12.19 (was 0.12.18) (0.12.20 available)
#12 4.984 ! meta 1.15.0 (overridden) (1.19.0 available)
#12 4.984 ! path 1.9.0 (overridden) (1.9.1 available)
#12 4.984   postgrest 2.8.0 (2.9.1 available)
#12 4.984   realtime_client 2.11.0 (2.13.0 available)
#12 4.984   riverpod 2.6.1 (3.4.2 available)
#12 4.984   sentry 8.14.2 (9.26.0 available)
#12 4.984   sentry_flutter 8.14.2 (9.26.0 available)
#12 4.984   shared_preferences_android 2.4.23 (2.4.27 available)
#12 4.984   speech_to_text 6.6.2 (7.4.0 available)
#12 4.984   sqflite 2.4.2+1 (2.4.3 available)
#12 4.984   sqflite_android 2.4.2+3 (2.4.3 available)
#12 4.984   sqflite_common 2.5.8 (2.5.11 available)
#12 4.984   sqflite_darwin 2.4.2 (2.4.3+1 available)
#12 4.984   sqflite_platform_interface 2.4.0 (2.4.1 available)
#12 4.984   storage_client 2.6.0 (2.8.0 available)
#12 4.984   supabase 2.14.0 (2.16.0 available)
#12 4.984   supabase_flutter 2.16.0 (2.17.1 available)
#12 4.984   synchronized 3.4.0+1 (3.4.1+1 available)
#12 4.984 > test_api 0.7.11 (was 0.7.9) (0.7.13 available)
#12 4.984   url_launcher_android 6.3.30 (6.3.32 available)
#12 4.984   vector_graphics 1.2.2 (1.2.3 available)
#12 4.984   vector_math 2.2.0 (2.4.2 available)
#12 4.984   webview_flutter_android 4.12.0 (4.13.0 available)
#12 4.984   webview_flutter_wkwebview 3.25.1 (3.26.0 available)
#12 4.984   win32 6.3.0 (6.4.0 available)
#12 4.984 Changed 3 dependencies!
#12 4.986 1 package is discontinued.
#12 4.986 39 packages have newer versions incompatible with dependency constraints.
#12 4.986 Try `flutter pub outdated` for more information.
#12 6.012 Compiling lib/main.dart for the Web...                          
#12 29.69 Unexpected wasm dry run failure (255):
#12 29.69 
#12 29.69 Unhandled exception:
#12 29.69 Unsupported operation: Cannot extract a file path from a org-dartlang-untranslatable-uri URI
#12 29.69 #0      _Uri.toFilePath (dart:core/uri.dart:3432)
#12 29.69 #1      DryRunSummarizer._lintChecks (package:dart2wasm/dry_run.dart:205)
#12 29.69 #2      DryRunSummarizer.summarize (package:dart2wasm/dry_run.dart:282)
#12 29.69 #3      _runCfePhase (package:dart2wasm/compile.dart:390)
#12 29.69 <asynchronous suspension>
#12 29.69 #4      compile (package:dart2wasm/compile.dart:244)
#12 29.69 <asynchronous suspension>
#12 29.69 #5      generateWasm (package:dart2wasm/generate_wasm.dart:78)
#12 29.69 <asynchronous suspension>
#12 29.69 #6      main (file:///b/s/w/ir/x/w/sdk/pkg/dart2wasm/bin/dart2wasm.dart:10)
#12 29.69 <asynchronous suspension>
#12 29.69 
#12 29.69 Use --no-wasm-dry-run to disable these warnings.
#12 31.91 Target dart2js failed: ProcessException: Process exited abnormally with exit code 1:
#12 31.91 Error: Couldn't resolve the package 'intl' in 'package:intl/intl.dart'.
#12 31.91 lib/features/chat/views/widgets/project_dashboard_view.dart:5:8:
#12 31.91 Error: Not found: 'package:intl/intl.dart'
#12 31.91 import 'package:intl/intl.dart';
#12 31.91        ^
#12 31.91 lib/features/chat/views/widgets/project_dashboard_view.dart:163:51:
#12 31.91 Error: The method 'DateFormat' isn't defined for the type 'ProjectDashboardView'.
#12 31.91  - 'ProjectDashboardView' is from 'package:veraxi_app/features/chat/views/widgets/project_dashboard_view.dart' ('lib/features/chat/views/widgets/project_dashboard_view.dart').
#12 31.91                                   formattedTime = DateFormat('MMM d, y h:mm a').format(dt);
#12 31.91                                                   ^^^^^^^^^^
#12 31.91 Error: Compilation failed.
#12 31.91   Command: /sdks/flutter/bin/cache/dart-sdk/bin/dart compile js --platform-binaries=/sdks/flutter/bin/cache/flutter_web_sdk/kernel --invoker=flutter_tool -Ddart.vm.product=true -DIS_SELF_HOSTED=true -DAUTH_ENABLED=false -DFLUTTER_VERSION=3.44.0 -DFLUTTER_CHANNEL=[user-branch] -DFLUTTER_GIT_URL=unknown source -DFLUTTER_FRAMEWORK_REVISION=559ffa3f75 -DFLUTTER_ENGINE_REVISION=4c525dac5e -DFLUTTER_DART_VERSION=3.12.0 -DFLUTTER_WEB_USE_SKIA=true -DFLUTTER_WEB_USE_SKWASM=false -DFLUTTER_WEB_CANVASKIT_URL=https://www.gstatic.com/flutter-canvaskit/4c525dac5ebe5971c5708ef73558ed8edcf4a362/ --native-null-assertions --no-source-maps -O4 --minify -o /app/.dart_tool/flutter_build/44bf2eb9c045d831d47f977af9a127e0/app.dill --packages=/app/.dart_tool/package_config.json --cfe-only /app/.dart_tool/flutter_build/44bf2eb9c045d831d47f977af9a127e0/main.dart
#12 31.91 #0      RunResult.throwException (package:flutter_tools/src/base/process.dart:153:5)
#12 31.91 #1      _DefaultProcessUtils.run (package:flutter_tools/src/base/process.dart:379:19)
#12 31.91 <asynchronous suspension>
#12 31.91 #2      Dart2JSTarget.build (package:flutter_tools/src/build_system/targets/web.dart:208:5)
#12 31.91 <asynchronous suspension>
#12 31.91 #3      _BuildInstance._invokeInternal (package:flutter_tools/src/build_system/build_system.dart:937:9)
#12 31.91 <asynchronous suspension>
#12 31.91 #4      Future.wait.<anonymous closure> (dart:async/future.dart:546:21)
#12 31.91 <asynchronous suspension>
#12 31.91 #5      _BuildInstance.invokeTarget (package:flutter_tools/src/build_system/build_system.dart:875:32)
#12 31.91 <asynchronous suspension>
#12 31.91 #6      Future.wait.<anonymous closure> (dart:async/future.dart:546:21)
#12 31.91 <asynchronous suspension>
#12 31.91 #7      _BuildInstance.invokeTarget (package:flutter_tools/src/build_system/build_system.dart:875:32)
#12 31.91 <asynchronous suspension>
#12 31.91 #8      FlutterBuildSystem.build (package:flutter_tools/src/build_system/build_system.dart:684:16)
#12 31.91 <asynchronous suspension>
#12 31.91 #9      WebBuilder.buildWeb (package:flutter_tools/src/web/compile.dart:107:34)
#12 31.91 <asynchronous suspension>
#12 31.91 #10     BuildWebCommand.runCommand (package:flutter_tools/src/commands/build_web.dart:293:5)
#12 31.91 <asynchronous suspension>
#12 31.91 #11     FlutterCommand.run.<anonymous closure> (package:flutter_tools/src/runner/flutter_command.dart:1630:27)
#12 31.91 <asynchronous suspension>
#12 31.91 #12     AppContext.run.<anonymous closure> (package:flutter_tools/src/base/context.dart:154:19)
#12 31.91 <asynchronous suspension>
#12 31.91 #13     CommandRunner.runCommand (package:args/command_runner.dart:212:13)
#12 31.91 <asynchronous suspension>
#12 31.91 #14     FlutterCommandRunner.runCommand.<anonymous closure> (package:flutter_tools/src/runner/flutter_command_runner.dart:496:9)
#12 31.91 <asynchronous suspension>
#12 31.91 #15     AppContext.run.<anonymous closure> (package:flutter_tools/src/base/context.dart:154:19)
#12 31.91 <asynchronous suspension>
#12 31.91 #16     FlutterCommandRunner.runCommand (package:flutter_tools/src/runner/flutter_command_runner.dart:431:5)
#12 31.91 <asynchronous suspension>
#12 31.91 #17     FlutterCommandRunner.run.<anonymous closure> (package:flutter_tools/src/runner/flutter_command_runner.dart:307:33)
#12 31.91 <asynchronous suspension>
#12 31.91 #18     run.<anonymous closure>.<anonymous closure> (package:flutter_tools/runner.dart:104:11)
#12 31.91 <asynchronous suspension>
#12 31.91 #19     AppContext.run.<anonymous closure> (package:flutter_tools/src/base/context.dart:154:19)
#12 31.91 <asynchronous suspension>
#12 31.91 #20     main (package:flutter_tools/executable.dart:103:3)
#12 31.91 <asynchronous suspension>
#12 31.91 
#12 31.91 Compiling lib/main.dart for the Web...                             25.9s
#12 31.93 Error: Failed to compile application for the Web.
#12 ERROR: process "/bin/sh -c flutter build web --release --dart-define=IS_SELF_HOSTED=true --dart-define=AUTH_ENABLED=false" did not complete successfully: exit code: 1
------
 > [web build-env 6/6] RUN flutter build web --release --dart-define=IS_SELF_HOSTED=true --dart-define=AUTH_ENABLED=false:
31.91 <asynchronous suspension>
31.91 #18     run.<anonymous closure>.<anonymous closure> (package:flutter_tools/runner.dart:104:11)
31.91 <asynchronous suspension>
31.91 #19     AppContext.run.<anonymous closure> (package:flutter_tools/src/base/context.dart:154:19)
31.91 <asynchronous suspension>
31.91 #20     main (package:flutter_tools/executable.dart:103:3)
31.91 <asynchronous suspension>
31.91 
31.91 Compiling lib/main.dart for the Web...                             25.9s
31.93 Error: Failed to compile application for the Web.
------
failed to solve: process "/bin/sh -c flutter build web --release --dart-define=IS_SELF_HOSTED=true --dart-define=AUTH_ENABLED=false" did not complete successfully: exit code: 1
